#   ==============================================================================================
#
#   ======================== CREATED WITH ALL THE ♥ LOVE ♥ IN THE WORLD ==========================
#
#   ==============================================================================================
#
#
#		   .8.              ,o888888o.        ,o888888o.    8 888888888o.            .8.
#		  .888.            8888     `88.     8888     `88.  8 8888    `88.          .888.
#	     :88888.        ,8 8888       `8. ,8 8888       `8. 8 8888     `88         :88888.
#	    . `88888.       88 8888           88 8888           8 8888     ,88        . `88888.
#	   .8. `88888.      88 8888           88 8888           8 8888.   ,88'       .8. `88888.
#	  .8`8. `88888.     88 8888           88 8888           8 888888888P'       .8`8. `88888.
#    .8' `8. `88888.    88 8888           88 8888           8 8888`8b          .8' `8. `88888.
#   .8'   `8. `88888.   `8 8888       .8' `8 8888       .8' 8 8888 `8b.       .8'   `8. `88888.
#  .888888888. `88888.     8888     ,88'     8888     ,88'  8 8888   `8b.    .888888888. `88888.
# .8'       `8. `88888.     `8888888P'        `8888888P'    8 8888     `88. .8'       `8. `88888.
#
#
# 8 888888888o       ,o888888o.         ,o888888o.     8888888 8888888888
# 8 8888    `88.  . 8888     `88.    . 8888     `88.         8 8888
# 8 8888     `88 ,8 8888       `8b  ,8 8888       `8b        8 8888
# 8 8888     ,88 88 8888        `8b 88 8888        `8b       8 8888
# 8 8888.   ,88' 88 8888         88 88 8888         88       8 8888
# 8 8888888888   88 8888         88 88 8888         88       8 8888
# 8 8888    `88. 88 8888        ,8P 88 8888        ,8P       8 8888
# 8 8888      88 `8 8888       ,8P  `8 8888       ,8P        8 8888
# 8 8888    ,88'  ` 8888     ,88'    ` 8888     ,88'         8 8888
# 8 888888888P       `8888888P'         `8888888P'           8 8888
#
#
#     ,o888888o.             .8.                   ,8.       ,8.          8 888888888o
#    8888     `88.          .888.                 ,888.     ,888.         8 8888    `88.
# ,8 8888       `8.        :88888.               .`8888.   .`8888.        8 8888     `88
# 88 8888                 . `88888.             ,8.`8888. ,8.`8888.       8 8888     ,88
# 88 8888                .8. `88888.           ,8'8.`8888,8^8.`8888.      8 8888.   ,88'
# 88 8888               .8`8. `88888.         ,8' `8.`8888' `8.`8888.     8 888888888P'
# 88 8888              .8' `8. `88888.       ,8'   `8.`88'   `8.`8888.    8 8888
# `8 8888       .8'   .8'   `8. `88888.     ,8'     `8.`'     `8.`8888.   8 8888
#    8888     ,88'   .888888888. `88888.   ,8'       `8        `8.`8888.  8 8888
#    `8888888P'     .8'       `8. `88888. ,8'         `         `8.`8888. 8 8888
#
#
#   ***********************************************************************************************
#   *                                                                                             *
#   *                       Content:    LOG                                                       *
#   *  					    Website:    http://www.dagasonhackason.com/                           *
#   *                                                                                             *
#   ***********************************************************************************************

:) You are Good to Go